
> avsecitar@0.1.0 build
> next build --turbopack

   ▲ Next.js 15.5.4 (Turbopack)
   - Environments: .env.local

   Creating an optimized production build ...
 ✓ Finished writing to disk in 727ms
 ✓ Compiled successfully in 9.0s
   Linting and checking validity of types ...
node.exe : 
At line:1 char:1
+ & "C:\Program 
Files\nodejs/node.exe" 
"C:\Program 
Files\nodejs/node_mo ...
+ ~~~~~~~~~~~~~~~~~~~~~~~~~~~
~~~~~~~~~~~~~~~~~~~~~~~~~~~~~
~~~~~~~~~~~~~
    + CategoryInfo           
   : NotSpecified: (:String  
  ) [], RemoteException
    + FullyQualifiedErrorId  
   : NativeCommandError
 
Failed to compile.

./app/admin/page.tsx
10:18  Warning: 'showToast' 
is assigned a value but 
never used.  @typescript-esli
nt/no-unused-vars
12:33  Warning: 'refetch' is 
assigned a value but never 
used.  @typescript-eslint/no-
unused-vars
24:60  Error: Unexpected 
any. Specify a different 
type.  @typescript-eslint/no-
explicit-any
40:60  Error: Unexpected 
any. Specify a different 
type.  @typescript-eslint/no-
explicit-any
120:61  Error: Unexpected 
any. Specify a different 
type.  @typescript-eslint/no-
explicit-any

./app/admin/users/page.tsx
8:10  Warning: 'USER_ROLES' 
is defined but never used.  @
typescript-eslint/no-unused-v
ars
35:30  Error: Unexpected 
any. Specify a different 
type.  @typescript-eslint/no-
explicit-any
53:22  Error: Unexpected 
any. Specify a different 
type.  @typescript-eslint/no-
explicit-any
70:22  Error: Unexpected 
any. Specify a different 
type.  @typescript-eslint/no-
explicit-any
148:50  Error: Unexpected 
any. Specify a different 
type.  @typescript-eslint/no-
explicit-any

./app/api/admin/users/route.t
s
6:27  Warning: 'request' is 
defined but never used.  @typ
escript-eslint/no-unused-vars
85:10  Error: Unexpected 
any. Specify a different 
type.  @typescript-eslint/no-
explicit-any

./app/api/attendance/route.ts
76:18  Error: Unexpected 
any. Specify a different 
type.  @typescript-eslint/no-
explicit-any
82:18  Error: Unexpected 
any. Specify a different 
type.  @typescript-eslint/no-
explicit-any
88:18  Error: Unexpected 
any. Specify a different 
type.  @typescript-eslint/no-
explicit-any

./app/api/auth/signup/route.t
s
52:10  Error: Unexpected 
any. Specify a different 
type.  @typescript-eslint/no-
explicit-any

./app/api/otp/generate/route.
ts
66:12  Error: Unexpected 
any. Specify a different 
type.  @typescript-eslint/no-
explicit-any

./app/api/otp/verify/route.ts
84:12  Error: Unexpected 
any. Specify a different 
type.  @typescript-eslint/no-
explicit-any

./app/auth/admin/signin/page.
tsx
106:16  Error: `'` can be 
escaped with `&apos;`, 
`&lsquo;`, `&#39;`, 
`&rsquo;`.  
react/no-unescaped-entities

./app/auth/signin/page.tsx
35:14  Warning: 'error' is 
defined but never used.  @typ
escript-eslint/no-unused-vars

./app/auth/signup/page.tsx
8:10  Warning: 'USER_ROLES' 
is defined but never used.  @
typescript-eslint/no-unused-v
ars
44:14  Warning: 'error' is 
defined but never used.  @typ
escript-eslint/no-unused-vars

info  - Need to disable some 
ESLint rules? Learn more 
here: https://nextjs.org/docs
/app/api-reference/config/esl
int#disabling-rules
